// Jest Snapshot v1, https://goo.gl/fbAQLP

exports[`init create app actor 1`] = `null`;
